// Jest Snapshot v1, https://goo.gl/fbAQLP

exports[`Movie displays the movie 1`] = `ShallowWrapper {}`;
