// Jest Snapshot v1, https://goo.gl/fbAQLP

exports[`Movies displays the list of movies 1`] = `ShallowWrapper {}`;
